// Jest Snapshot v1, https://goo.gl/fbAQLP

exports[`Unit tests for EvaluationSchemaTable component: should render the component and match snapshot 1`] = `
<div>
  <table
    class="main-table"
  >
    <thead>
      <tr>
        <th
          class=""
        >
          Compliance
        </th>
        <th
          class=""
        >
          Requirement
        </th>
        <th
          class=""
        >
          Level 1
        </th>
        <th
          class=""
        >
          Level 2
        </th>
      </tr>
    </thead>
    <tbody
      id="scrollableDiv"
    >
      <tr>
        <td
          class=""
        >
          Deployment Compliance
        </td>
        <td
          class=""
        >
          Deployability via container
        </td>
        <td
          class=""
        >
          Deployable
        </td>
        <td
          class=""
        >
          N/A
        </td>
      </tr>
      <tr>
        <td
          class=""
        >
          Requirement Specification
        </td>
        <td
          class="td-row-details"
        >
          <table
            class="inside-table border-top"
          >
            <tbody
              class=""
            >
              <tr>
                <td>
                  Fulfillment of REQUIRED Key Digital Functionalities stated in the respective BB specifications
                </td>
              </tr>
              <tr>
                <td>
                  Fulfillment of REQUIRED cross-cutting and functional requirements stated in the respective BB specifications
                </td>
              </tr>
              <tr>
                <td>
                  Fulfillment of REQUIRED cross-cutting requirements stated in the Architecture BB specifications
                </td>
              </tr>
            </tbody>
          </table>
        </td>
        <td
          class="td-row-details"
        >
          <table
            class="inside-table border-top"
          >
            <tbody
              class=""
            >
              <tr>
                <td>
                  All
                </td>
              </tr>
              <tr>
                <td>
                  ≥ 1
                </td>
              </tr>
              <tr>
                <td>
                  ≥ 1
                </td>
              </tr>
            </tbody>
          </table>
        </td>
        <td
          class="td-row-details"
        >
          <table
            class="inside-table border-top"
          >
            <tbody
              class=""
            >
              <tr>
                <td>
                  All
                </td>
              </tr>
              <tr>
                <td>
                  All
                </td>
              </tr>
              <tr>
                <td>
                  All
                </td>
              </tr>
            </tbody>
          </table>
        </td>
      </tr>
      <tr>
        <td
          class=""
        >
          Interface Compliance
        </td>
        <td
          class="td-row-details"
        >
          <table
            class="inside-table border-top"
          >
            <tbody
              class=""
            >
              <tr>
                <td>
                  Fulfillment of Service API requirements
                </td>
              </tr>
              <tr>
                <td>
                  Fulfillment of REQUIRED API related requirements in the Architecture BB specifications
                </td>
              </tr>
            </tbody>
          </table>
        </td>
        <td
          class="td-row-details"
        >
          <table
            class="inside-table border-top"
          >
            <tbody
              class=""
            >
              <tr>
                <td>
                  ≥ 1
                </td>
              </tr>
              <tr>
                <td>
                  Optional
                </td>
              </tr>
            </tbody>
          </table>
        </td>
        <td
          class="td-row-details"
        >
          <table
            class="inside-table border-top"
          >
            <tbody
              class=""
            >
              <tr>
                <td>
                  All
                </td>
              </tr>
              <tr>
                <td>
                  All
                </td>
              </tr>
            </tbody>
          </table>
        </td>
      </tr>
    </tbody>
  </table>
</div>
`;
