// Jest Snapshot v1, https://goo.gl/fbAQLP

exports[`Unit test for MainLayout component: render the MainLayout component 1`] = `
<div>
  <div
    class="main-layout"
  >
    <div
      class="header"
    >
      <div
        class="header-logo"
        data-testid="logo"
      >
        <img
          alt="logo"
          src="/images/logo.png"
        />
      </div>
      <div
        class="header-right-section"
      >
        <div
          class="header-link-button-section"
        >
          <a
            class="header-menu-button header-menu-button-active"
            data-testid="header-menu-button"
            href="/"
          >
            API testing
          </a>
          <a
            class="header-menu-button "
            data-testid="header-menu-button"
            href="/softwareRequirementsCompliance"
          >
            Software Requirements Compliance
          </a>
        </div>
        <div
          class="action-buttons"
        >
          <div
            class="header-login"
          >
            <button
              class="header-menu-button"
            >
              <svg
                class="header-icon"
                fill="currentColor"
                height="1em"
                stroke="currentColor"
                stroke-width="0"
                viewBox="0 0 24 24"
                width="1em"
                xmlns="http://www.w3.org/2000/svg"
              >
                <path
                  d="m13 16 5-4-5-4v3H4v2h9z"
                />
                <path
                  d="M20 3h-9c-1.103 0-2 .897-2 2v4h2V5h9v14h-9v-4H9v4c0 1.103.897 2 2 2h9c1.103 0 2-.897 2-2V5c0-1.103-.897-2-2-2z"
                />
              </svg>
              Log In
            </button>
          </div>
          <div
            class="header-help"
          >
            <button
              class="header-menu-button"
            >
              <svg
                class="header-icon"
                fill="currentColor"
                height="1em"
                stroke="currentColor"
                stroke-width="0"
                viewBox="0 0 24 24"
                width="1em"
                xmlns="http://www.w3.org/2000/svg"
              >
                <path
                  d="M12 22C6.47715 22 2 17.5228 2 12C2 6.47715 6.47715 2 12 2C17.5228 2 22 6.47715 22 12C22 17.5228 17.5228 22 12 22ZM12 20C16.4183 20 20 16.4183 20 12C20 7.58172 16.4183 4 12 4C7.58172 4 4 7.58172 4 12C4 16.4183 7.58172 20 12 20ZM11 15H13V17H11V15ZM13 13.3551V14H11V12.5C11 11.9477 11.4477 11.5 12 11.5C12.8284 11.5 13.5 10.8284 13.5 10C13.5 9.17157 12.8284 8.5 12 8.5C11.2723 8.5 10.6656 9.01823 10.5288 9.70577L8.56731 9.31346C8.88637 7.70919 10.302 6.5 12 6.5C13.933 6.5 15.5 8.067 15.5 10C15.5 11.5855 14.4457 12.9248 13 13.3551Z"
                />
              </svg>
              Help
            </button>
          </div>
        </div>
      </div>
    </div>
    <p>
      Test
    </p>
  </div>
</div>
`;
